C:\Users\superman\Desktop\DerekLab7\implementation\system.ngc 1386110361
C:/Users/superman/Desktop/DerekLab7/implementation/push_buttons_5bits_wrapper.ngc 1386110328
C:/Users/superman/Desktop/DerekLab7/implementation/rs232_uart_1_wrapper.ngc 1386110328
C:/Users/superman/Desktop/DerekLab7/implementation/proc_sys_reset_0_wrapper.ngc 1386110328
C:/Users/superman/Desktop/DerekLab7/implementation/clock_generator_0_wrapper.ngc 1386110333
C:/Users/superman/Desktop/DerekLab7/implementation/axi_hdmi_0_wrapper.ngc 1386110328
C:/Users/superman/Desktop/DerekLab7/implementation/axi_ac97_0_wrapper.ngc 1386110328
C:/Users/superman/Desktop/DerekLab7/implementation/ps2_keyboard_0_wrapper.ngc 1386110329
C:/Users/superman/Desktop/DerekLab7/implementation/microblaze_0_ilmb_wrapper.ngc 1386110328
C:/Users/superman/Desktop/DerekLab7/implementation/microblaze_0_dlmb_wrapper.ngc 1386110328
C:/Users/superman/Desktop/DerekLab7/implementation/mcb_ddr2_wrapper.ngc 1386110328
C:/Users/superman/Desktop/DerekLab7/implementation/axi4lite_0_wrapper.ngc 1386110328
C:/Users/superman/Desktop/DerekLab7/implementation/axi4_0_wrapper.ngc 1386110328
C:/Users/superman/Desktop/DerekLab7/implementation/axi4_0_wrapper_fifo_generator_v8_4.ngc 1386110328
C:/Users/superman/Desktop/DerekLab7/implementation/microblaze_0_wrapper.ngc 1386110328
C:/Users/superman/Desktop/DerekLab7/implementation/axi_vdma_0_wrapper.ngc 1386110328
C:/Users/superman/Desktop/DerekLab7/implementation/axi_vdma_0_wrapper_fifo_generator_v8_3.ngc 1386110328
C:/Users/superman/Desktop/DerekLab7/implementation/axi_intc_0_wrapper.ngc 1386110328
C:/Users/superman/Desktop/DerekLab7/implementation/microblaze_0_i_bram_ctrl_wrapper.ngc 1386110328
C:/Users/superman/Desktop/DerekLab7/implementation/microblaze_0_d_bram_ctrl_wrapper.ngc 1386110328
C:/Users/superman/Desktop/DerekLab7/implementation/debug_module_wrapper.ngc 1386110328
C:/Users/superman/Desktop/DerekLab7/implementation/digilent_quadspi_cntlr_wrapper.ngc 1386110328
C:/Users/superman/Desktop/DerekLab7/implementation/axi_timer_0_wrapper.ngc 1386110328
C:/Users/superman/Desktop/DerekLab7/implementation/fit_timer_0_wrapper.ngc 1386110329
C:/Users/superman/Desktop/DerekLab7/implementation/microblaze_0_bram_block_wrapper.ngc 1386110328
OK
